// Jest Snapshot v1, https://goo.gl/fbAQLP

exports[`App rendering renders as expected 1`] = `
ShallowWrapper {
  Symbol(enzyme.__root__): [Circular],
  Symbol(enzyme.__unrendered__): <App />,
  Symbol(enzyme.__renderer__): Object {
    "batchedUpdates": [Function],
    "getNode": [Function],
    "render": [Function],
    "simulateError": [Function],
    "simulateEvent": [Function],
    "unmount": [Function],
  },
  Symbol(enzyme.__node__): Object {
    "instance": null,
    "key": undefined,
    "nodeType": "function",
    "props": Object {
      "children": <Row
        className="align-items-center"
        tag="div"
>
        <Col
                tag="div"
                widths={
                        Array [
                                "xs",
                                "sm",
                                "md",
                                "lg",
                                "xl",
                              ]
                }
        >
                <InputGroup
                        tag="div"
                >
                        <InputGroupAddon
                                addonType="prepend"
                                tag="div"
                        >
                                Name
                        </InputGroupAddon>
                        <Input
                                onChange={[Function]}
                                type="text"
                                value="Dan"
                        />
                </InputGroup>
        </Col>
        <Col
                tag="div"
                widths={
                        Array [
                                "xs",
                                "sm",
                                "md",
                                "lg",
                                "xl",
                              ]
                }
        >
                <InputGroup
                        tag="div"
                >
                        <InputGroupAddon
                                addonType="prepend"
                                tag="div"
                        >
                                Surname
                        </InputGroupAddon>
                        <Input
                                onChange={[Function]}
                                type="text"
                                value="Kreiger"
                        />
                </InputGroup>
        </Col>
        <Col
                tag="div"
                widths={
                        Array [
                                "xs",
                                "sm",
                                "md",
                                "lg",
                                "xl",
                              ]
                }
        >
                <button
                        onClick={[Function]}
                >
                        Click me 
                        0
                </button>
        </Col>
</Row>,
      "tag": "div",
    },
    "ref": null,
    "rendered": Object {
      "instance": null,
      "key": undefined,
      "nodeType": "function",
      "props": Object {
        "children": Array [
          <Col
            tag="div"
            widths={
                        Array [
                                    "xs",
                                    "sm",
                                    "md",
                                    "lg",
                                    "xl",
                                  ]
            }
>
            <InputGroup
                        tag="div"
            >
                        <InputGroupAddon
                                    addonType="prepend"
                                    tag="div"
                        >
                                    Name
                        </InputGroupAddon>
                        <Input
                                    onChange={[Function]}
                                    type="text"
                                    value="Dan"
                        />
            </InputGroup>
</Col>,
          <Col
            tag="div"
            widths={
                        Array [
                                    "xs",
                                    "sm",
                                    "md",
                                    "lg",
                                    "xl",
                                  ]
            }
>
            <InputGroup
                        tag="div"
            >
                        <InputGroupAddon
                                    addonType="prepend"
                                    tag="div"
                        >
                                    Surname
                        </InputGroupAddon>
                        <Input
                                    onChange={[Function]}
                                    type="text"
                                    value="Kreiger"
                        />
            </InputGroup>
</Col>,
          <Col
            tag="div"
            widths={
                        Array [
                                    "xs",
                                    "sm",
                                    "md",
                                    "lg",
                                    "xl",
                                  ]
            }
>
            <button
                        onClick={[Function]}
            >
                        Click me 
                        0
            </button>
</Col>,
        ],
        "className": "align-items-center",
        "tag": "div",
      },
      "ref": null,
      "rendered": Array [
        Object {
          "instance": null,
          "key": undefined,
          "nodeType": "function",
          "props": Object {
            "children": <InputGroup
              tag="div"
>
              <InputGroupAddon
                            addonType="prepend"
                            tag="div"
              >
                            Name
              </InputGroupAddon>
              <Input
                            onChange={[Function]}
                            type="text"
                            value="Dan"
              />
</InputGroup>,
            "tag": "div",
            "widths": Array [
              "xs",
              "sm",
              "md",
              "lg",
              "xl",
            ],
          },
          "ref": null,
          "rendered": Object {
            "instance": null,
            "key": undefined,
            "nodeType": "function",
            "props": Object {
              "children": Array [
                <InputGroupAddon
                  addonType="prepend"
                  tag="div"
>
                  Name
</InputGroupAddon>,
                <Input
                  onChange={[Function]}
                  type="text"
                  value="Dan"
/>,
              ],
              "tag": "div",
            },
            "ref": null,
            "rendered": Array [
              Object {
                "instance": null,
                "key": undefined,
                "nodeType": "function",
                "props": Object {
                  "addonType": "prepend",
                  "children": "Name",
                  "tag": "div",
                },
                "ref": null,
                "rendered": "Name",
                "type": [Function],
              },
              Object {
                "instance": null,
                "key": undefined,
                "nodeType": "class",
                "props": Object {
                  "onChange": [Function],
                  "type": "text",
                  "value": "Dan",
                },
                "ref": null,
                "rendered": null,
                "type": [Function],
              },
            ],
            "type": [Function],
          },
          "type": [Function],
        },
        Object {
          "instance": null,
          "key": undefined,
          "nodeType": "function",
          "props": Object {
            "children": <InputGroup
              tag="div"
>
              <InputGroupAddon
                            addonType="prepend"
                            tag="div"
              >
                            Surname
              </InputGroupAddon>
              <Input
                            onChange={[Function]}
                            type="text"
                            value="Kreiger"
              />
</InputGroup>,
            "tag": "div",
            "widths": Array [
              "xs",
              "sm",
              "md",
              "lg",
              "xl",
            ],
          },
          "ref": null,
          "rendered": Object {
            "instance": null,
            "key": undefined,
            "nodeType": "function",
            "props": Object {
              "children": Array [
                <InputGroupAddon
                  addonType="prepend"
                  tag="div"
>
                  Surname
</InputGroupAddon>,
                <Input
                  onChange={[Function]}
                  type="text"
                  value="Kreiger"
/>,
              ],
              "tag": "div",
            },
            "ref": null,
            "rendered": Array [
              Object {
                "instance": null,
                "key": undefined,
                "nodeType": "function",
                "props": Object {
                  "addonType": "prepend",
                  "children": "Surname",
                  "tag": "div",
                },
                "ref": null,
                "rendered": "Surname",
                "type": [Function],
              },
              Object {
                "instance": null,
                "key": undefined,
                "nodeType": "class",
                "props": Object {
                  "onChange": [Function],
                  "type": "text",
                  "value": "Kreiger",
                },
                "ref": null,
                "rendered": null,
                "type": [Function],
              },
            ],
            "type": [Function],
          },
          "type": [Function],
        },
        Object {
          "instance": null,
          "key": undefined,
          "nodeType": "function",
          "props": Object {
            "children": <button
              onClick={[Function]}
>
              Click me 
              0
</button>,
            "tag": "div",
            "widths": Array [
              "xs",
              "sm",
              "md",
              "lg",
              "xl",
            ],
          },
          "ref": null,
          "rendered": Object {
            "instance": null,
            "key": undefined,
            "nodeType": "host",
            "props": Object {
              "children": Array [
                "Click me ",
                0,
              ],
              "onClick": [Function],
            },
            "ref": null,
            "rendered": Array [
              "Click me ",
              0,
            ],
            "type": "button",
          },
          "type": [Function],
        },
      ],
      "type": [Function],
    },
    "type": [Function],
  },
  Symbol(enzyme.__nodes__): Array [
    Object {
      "instance": null,
      "key": undefined,
      "nodeType": "function",
      "props": Object {
        "children": <Row
          className="align-items-center"
          tag="div"
>
          <Col
                    tag="div"
                    widths={
                              Array [
                                        "xs",
                                        "sm",
                                        "md",
                                        "lg",
                                        "xl",
                                      ]
                    }
          >
                    <InputGroup
                              tag="div"
                    >
                              <InputGroupAddon
                                        addonType="prepend"
                                        tag="div"
                              >
                                        Name
                              </InputGroupAddon>
                              <Input
                                        onChange={[Function]}
                                        type="text"
                                        value="Dan"
                              />
                    </InputGroup>
          </Col>
          <Col
                    tag="div"
                    widths={
                              Array [
                                        "xs",
                                        "sm",
                                        "md",
                                        "lg",
                                        "xl",
                                      ]
                    }
          >
                    <InputGroup
                              tag="div"
                    >
                              <InputGroupAddon
                                        addonType="prepend"
                                        tag="div"
                              >
                                        Surname
                              </InputGroupAddon>
                              <Input
                                        onChange={[Function]}
                                        type="text"
                                        value="Kreiger"
                              />
                    </InputGroup>
          </Col>
          <Col
                    tag="div"
                    widths={
                              Array [
                                        "xs",
                                        "sm",
                                        "md",
                                        "lg",
                                        "xl",
                                      ]
                    }
          >
                    <button
                              onClick={[Function]}
                    >
                              Click me 
                              0
                    </button>
          </Col>
</Row>,
        "tag": "div",
      },
      "ref": null,
      "rendered": Object {
        "instance": null,
        "key": undefined,
        "nodeType": "function",
        "props": Object {
          "children": Array [
            <Col
              tag="div"
              widths={
                            Array [
                                          "xs",
                                          "sm",
                                          "md",
                                          "lg",
                                          "xl",
                                        ]
              }
>
              <InputGroup
                            tag="div"
              >
                            <InputGroupAddon
                                          addonType="prepend"
                                          tag="div"
                            >
                                          Name
                            </InputGroupAddon>
                            <Input
                                          onChange={[Function]}
                                          type="text"
                                          value="Dan"
                            />
              </InputGroup>
</Col>,
            <Col
              tag="div"
              widths={
                            Array [
                                          "xs",
                                          "sm",
                                          "md",
                                          "lg",
                                          "xl",
                                        ]
              }
>
              <InputGroup
                            tag="div"
              >
                            <InputGroupAddon
                                          addonType="prepend"
                                          tag="div"
                            >
                                          Surname
                            </InputGroupAddon>
                            <Input
                                          onChange={[Function]}
                                          type="text"
                                          value="Kreiger"
                            />
              </InputGroup>
</Col>,
            <Col
              tag="div"
              widths={
                            Array [
                                          "xs",
                                          "sm",
                                          "md",
                                          "lg",
                                          "xl",
                                        ]
              }
>
              <button
                            onClick={[Function]}
              >
                            Click me 
                            0
              </button>
</Col>,
          ],
          "className": "align-items-center",
          "tag": "div",
        },
        "ref": null,
        "rendered": Array [
          Object {
            "instance": null,
            "key": undefined,
            "nodeType": "function",
            "props": Object {
              "children": <InputGroup
                tag="div"
>
                <InputGroupAddon
                                addonType="prepend"
                                tag="div"
                >
                                Name
                </InputGroupAddon>
                <Input
                                onChange={[Function]}
                                type="text"
                                value="Dan"
                />
</InputGroup>,
              "tag": "div",
              "widths": Array [
                "xs",
                "sm",
                "md",
                "lg",
                "xl",
              ],
            },
            "ref": null,
            "rendered": Object {
              "instance": null,
              "key": undefined,
              "nodeType": "function",
              "props": Object {
                "children": Array [
                  <InputGroupAddon
                    addonType="prepend"
                    tag="div"
>
                    Name
</InputGroupAddon>,
                  <Input
                    onChange={[Function]}
                    type="text"
                    value="Dan"
/>,
                ],
                "tag": "div",
              },
              "ref": null,
              "rendered": Array [
                Object {
                  "instance": null,
                  "key": undefined,
                  "nodeType": "function",
                  "props": Object {
                    "addonType": "prepend",
                    "children": "Name",
                    "tag": "div",
                  },
                  "ref": null,
                  "rendered": "Name",
                  "type": [Function],
                },
                Object {
                  "instance": null,
                  "key": undefined,
                  "nodeType": "class",
                  "props": Object {
                    "onChange": [Function],
                    "type": "text",
                    "value": "Dan",
                  },
                  "ref": null,
                  "rendered": null,
                  "type": [Function],
                },
              ],
              "type": [Function],
            },
            "type": [Function],
          },
          Object {
            "instance": null,
            "key": undefined,
            "nodeType": "function",
            "props": Object {
              "children": <InputGroup
                tag="div"
>
                <InputGroupAddon
                                addonType="prepend"
                                tag="div"
                >
                                Surname
                </InputGroupAddon>
                <Input
                                onChange={[Function]}
                                type="text"
                                value="Kreiger"
                />
</InputGroup>,
              "tag": "div",
              "widths": Array [
                "xs",
                "sm",
                "md",
                "lg",
                "xl",
              ],
            },
            "ref": null,
            "rendered": Object {
              "instance": null,
              "key": undefined,
              "nodeType": "function",
              "props": Object {
                "children": Array [
                  <InputGroupAddon
                    addonType="prepend"
                    tag="div"
>
                    Surname
</InputGroupAddon>,
                  <Input
                    onChange={[Function]}
                    type="text"
                    value="Kreiger"
/>,
                ],
                "tag": "div",
              },
              "ref": null,
              "rendered": Array [
                Object {
                  "instance": null,
                  "key": undefined,
                  "nodeType": "function",
                  "props": Object {
                    "addonType": "prepend",
                    "children": "Surname",
                    "tag": "div",
                  },
                  "ref": null,
                  "rendered": "Surname",
                  "type": [Function],
                },
                Object {
                  "instance": null,
                  "key": undefined,
                  "nodeType": "class",
                  "props": Object {
                    "onChange": [Function],
                    "type": "text",
                    "value": "Kreiger",
                  },
                  "ref": null,
                  "rendered": null,
                  "type": [Function],
                },
              ],
              "type": [Function],
            },
            "type": [Function],
          },
          Object {
            "instance": null,
            "key": undefined,
            "nodeType": "function",
            "props": Object {
              "children": <button
                onClick={[Function]}
>
                Click me 
                0
</button>,
              "tag": "div",
              "widths": Array [
                "xs",
                "sm",
                "md",
                "lg",
                "xl",
              ],
            },
            "ref": null,
            "rendered": Object {
              "instance": null,
              "key": undefined,
              "nodeType": "host",
              "props": Object {
                "children": Array [
                  "Click me ",
                  0,
                ],
                "onClick": [Function],
              },
              "ref": null,
              "rendered": Array [
                "Click me ",
                0,
              ],
              "type": "button",
            },
            "type": [Function],
          },
        ],
        "type": [Function],
      },
      "type": [Function],
    },
  ],
  Symbol(enzyme.__options__): Object {
    "adapter": ReactSixteenAdapter {
      "options": Object {
        "enableComponentDidUpdateOnSetState": true,
        "lifecycles": Object {
          "componentDidUpdate": Object {
            "onSetState": true,
          },
          "getDerivedStateFromProps": true,
          "getSnapshotBeforeUpdate": true,
          "setState": Object {
            "skipsComponentDidUpdateOnNullish": true,
          },
        },
      },
    },
  },
}
`;
